[2026-05-31 13:24:05] ============================================================
[2026-05-31 13:24:05] BATCH BACKFILL STARTED
[2026-05-31 13:24:05] ============================================================
[2026-05-31 13:24:06] Symbols to backfill: 371
[2026-05-31 13:24:06] [1/371] Backfilling 0813-HK.HK...
[2026-05-31 13:24:08]   OK 0813-HK.HK done
[2026-05-31 13:24:08] [2/371] Backfilling 0813.HK.HK...
[2026-05-31 13:24:10]   OK 0813.HK.HK done
[2026-05-31 13:24:10] [3/371] Backfilling ABD...
[2026-05-31 13:24:12]   OK ABD done
[2026-05-31 13:24:12] [4/371] Backfilling ACO.X.TO...
[2026-05-31 13:24:14]   OK ACO.X.TO done
[2026-05-31 13:24:14] [5/371] Backfilling AGF.B.TO...
[2026-05-31 13:24:17]   OK AGF.B.TO done
[2026-05-31 13:24:17] [6/371] Backfilling AGU.TO...
[2026-05-31 13:24:18]   OK AGU.TO done
[2026-05-31 13:24:18] [7/371] Backfilling AUY...
[2026-05-31 13:24:20]   OK AUY done
[2026-05-31 13:24:20] [8/371] Backfilling AW-UN.TO...
[2026-05-31 13:24:22]   OK AW-UN.TO done
[2026-05-31 13:24:22] [9/371] Backfilling AW.UN.TO...
[2026-05-31 13:24:25]   OK AW.UN.TO done
[2026-05-31 13:24:25] [10/371] Backfilling BAM-A.TO...
[2026-05-31 13:24:27]   OK BAM-A.TO done
[2026-05-31 13:24:27] Rate limit: sleeping 30s...
[2026-05-31 13:24:57] [11/371] Backfilling BEAV...
[2026-05-31 13:24:58]   OK BEAV done
[2026-05-31 13:24:58] [12/371] Backfilling BF.B...
[2026-05-31 13:25:00]   OK BF.B done
[2026-05-31 13:25:00] [13/371] Backfilling BF.B.TO...
[2026-05-31 13:25:02]   OK BF.B.TO done
[2026-05-31 13:25:02] [14/371] Backfilling BLD.TO...
[2026-05-31 13:25:04]   OK BLD.TO done
[2026-05-31 13:25:04] [15/371] Backfilling BNE-UN.TO...
[2026-05-31 13:25:06]   OK BNE-UN.TO done
[2026-05-31 13:25:06] [16/371] Backfilling BNE.UN.TO...
[2026-05-31 13:25:08]   OK BNE.UN.TO done
[2026-05-31 13:25:08] [17/371] Backfilling BNI...
[2026-05-31 13:25:10]   OK BNI done
[2026-05-31 13:25:10] [18/371] Backfilling BOO.BE...
[2026-05-31 13:25:12]   OK BOO.BE done
[2026-05-31 13:25:12] [19/371] Backfilling BPO.TO...
[2026-05-31 13:25:14]   OK BPO.TO done
[2026-05-31 13:25:14] [20/371] Backfilling BQI...
[2026-05-31 13:25:16]   OK BQI done
[2026-05-31 13:25:16] Rate limit: sleeping 30s...
[2026-05-31 13:25:46] [21/371] Backfilling BR-UN.TO...
===== Data Backfill Started: Sun 31 May 2026 01:28:14 PM MDT ====
Symbols to fetch: 371
[1/371] FAIL: 0813-HK.HK
[2/371] FAIL: 0813.HK.HK
[3/371] FAIL: ABD
[4/371] FAIL: ACO.X.TO
[5/371] FAIL: AGF.B.TO
[2026-05-31 13:30:12]   OK BR-UN.TO done
[2026-05-31 13:30:12] [22/371] Backfilling BR.TO...
[6/371] FAIL: AGU.TO
[7/371] FAIL: AUY
[8/371] FAIL: AW-UN.TO
[9/371] FAIL: AW.UN.TO
[10/371] FAIL: BAM-A.TO
Progress: 10/371 done, 10 failures
[11/371] FAIL: BEAV
[12/371] FAIL: BF.B
[13/371] FAIL: BF.B.TO
[14/371] FAIL: BLD.TO
[15/371] FAIL: BNE-UN.TO
[16/371] FAIL: BNE.UN.TO
[17/371] FAIL: BNI
[18/371] FAIL: BOO.BE
[2026-05-31 13:35:12]   Attempt 1/3 timed out for BR.TO
[19/371] FAIL: BPO.TO
[20/371] FAIL: BQI
Progress: 20/371 done, 20 failures
[21/371] OK: BR-UN.TO
[22/371] FAIL: BR.TO
[23/371] FAIL: BRK-UN.TO
[2026-05-31 13:40:17]   Attempt 2/3 timed out for BR.TO
[24/371] OK: BRK.TO
[25/371] FAIL: BYDDF.PK
[2026-05-31 13:45:27]   Attempt 3/3 timed out for BR.TO
[2026-05-31 13:45:27]   FAIL BR.TO - skipping
[2026-05-31 13:45:27] [23/371] Backfilling BRK-UN.TO...
[2026-05-31 13:45:29]   OK BRK-UN.TO done
[2026-05-31 13:45:29] [24/371] Backfilling BRK.TO...
[2026-05-31 13:45:31]   OK BRK.TO done
[2026-05-31 13:45:31] [25/371] Backfilling BYDDF.PK...
[2026-05-31 13:45:34]   OK BYDDF.PK done
[2026-05-31 13:45:34] [26/371] Backfilling CAH...
[2026-05-31 13:46:27]   OK CAH done
[2026-05-31 13:46:27] [27/371] Backfilling CAKE...
[26/371] OK: CAH
[2026-05-31 13:51:27]   Attempt 1/3 timed out for CAKE
[2026-05-31 13:52:26]   OK CAKE done
[2026-05-31 13:52:26] [28/371] Backfilling CAT...
[2026-05-31 13:53:19]   OK CAT done
[2026-05-31 13:53:19] [29/371] Backfilling CB...
[2026-05-31 13:54:13]   OK CB done
[2026-05-31 13:54:13] [30/371] Backfilling CCJ...
[2026-05-31 13:55:07]   OK CCJ done
[2026-05-31 13:55:07] Rate limit: sleeping 30s...
[2026-05-31 13:55:37] [31/371] Backfilling CCL...
[2026-05-31 13:56:31]   OK CCL done
[2026-05-31 13:56:31] [32/371] Backfilling CDE...
[2026-05-31 13:57:24]   OK CDE done
[2026-05-31 13:57:24] [33/371] Backfilling CDH.TO...
[2026-05-31 13:57:26]   OK CDH.TO done
[2026-05-31 13:57:26] [34/371] Backfilling CDZ.TO...
[2026-05-31 13:58:20]   OK CDZ.TO done
[2026-05-31 13:58:20] [35/371] Backfilling CEANF.PK...
[2026-05-31 13:58:22]   OK CEANF.PK done
[2026-05-31 13:58:22] [36/371] Backfilling CEO...
[2026-05-31 13:58:24]   OK CEO done
[2026-05-31 13:58:24] [37/371] Backfilling CF...
[27/371] OK: CAKE
[2026-05-31 14:03:24]   Attempt 1/3 timed out for CF
[2026-05-31 14:08:29]   Attempt 2/3 timed out for CF
[28/371] OK: CAT
[2026-05-31 14:13:39]   Attempt 3/3 timed out for CF
[2026-05-31 14:13:39]   FAIL CF - skipping
[2026-05-31 14:13:39] [38/371] Backfilling CGCA...
[2026-05-31 14:13:41]   OK CGCA done
[2026-05-31 14:13:41] [39/371] Backfilling CH...
[2026-05-31 14:13:43]   OK CH done
[2026-05-31 14:13:43] [40/371] Backfilling CHK...
[2026-05-31 14:13:45]   OK CHK done
[2026-05-31 14:13:45] Rate limit: sleeping 30s...
[2026-05-31 14:14:15] [41/371] Backfilling CHY...
[29/371] OK: CB
[2026-05-31 14:19:15]   Attempt 1/3 timed out for CHY
[2026-05-31 14:24:20]   Attempt 2/3 timed out for CHY
[30/371] OK: CCJ
Progress: 30/371 done, 23 failures
[2026-05-31 14:29:30]   Attempt 3/3 timed out for CHY
[2026-05-31 14:29:30]   FAIL CHY - skipping
[2026-05-31 14:29:30] [42/371] Backfilling CINF...
[2026-05-31 14:34:31]   Attempt 1/3 timed out for CINF
[31/371] OK: CCL
[2026-05-31 14:39:36]   Attempt 2/3 timed out for CINF
[32/371] OK: CDE
[33/371] FAIL: CDH.TO
[2026-05-31 14:44:46]   Attempt 3/3 timed out for CINF
[2026-05-31 14:44:46]   FAIL CINF - skipping
[2026-05-31 14:44:46] [43/371] Backfilling CIX-UN.TO...
[2026-05-31 14:44:48]   OK CIX-UN.TO done
[2026-05-31 14:44:48] [44/371] Backfilling CIX.UN.TO...
[2026-05-31 14:44:51]   OK CIX.UN.TO done
[2026-05-31 14:44:51] [45/371] Backfilling CKI.TO...
[34/371] OK: CDZ.TO
[2026-05-31 14:49:51]   Attempt 1/3 timed out for CKI.TO
[35/371] FAIL: CEANF.PK
[36/371] FAIL: CEO
[2026-05-31 14:54:56]   Attempt 2/3 timed out for CKI.TO
[37/371] OK: CF
[38/371] FAIL: CGCA
[39/371] FAIL: CH
[40/371] FAIL: CHK
Progress: 40/371 done, 29 failures
[2026-05-31 15:00:06]   Attempt 3/3 timed out for CKI.TO
[2026-05-31 15:00:06]   FAIL CKI.TO - skipping
[2026-05-31 15:00:06] [46/371] Backfilling CL...
[2026-05-31 15:05:06]   Attempt 1/3 timed out for CL
[41/371] OK: CHY
[2026-05-31 15:10:11]   Attempt 2/3 timed out for CL
[42/371] OK: CINF
[43/371] FAIL: CIX-UN.TO
[44/371] FAIL: CIX.UN.TO
[2026-05-31 15:15:21]   Attempt 3/3 timed out for CL
[2026-05-31 15:15:21]   FAIL CL - skipping
[2026-05-31 15:15:21] [47/371] Backfilling CLC-UN.TO...
[2026-05-31 15:15:23]   OK CLC-UN.TO done
[2026-05-31 15:15:23] [48/371] Backfilling CLC.UN.TO...
[2026-05-31 15:15:26]   OK CLC.UN.TO done
[2026-05-31 15:15:26] [49/371] Backfilling CLCT...
[2026-05-31 15:15:28]   OK CLCT done
[2026-05-31 15:15:28] [50/371] Backfilling CLL.TO...
[2026-05-31 15:15:30]   OK CLL.TO done
[2026-05-31 15:15:30] --- Progress: 44 OK, 6 FAIL, 111.4 min elapsed ---
[2026-05-31 15:15:30] Running indicator recalculation...
[2026-05-31 15:15:32] Indicators recalculated successfully.
[2026-05-31 15:15:32] Remaining symbols after refresh: 358
[2026-05-31 15:15:32] Rate limit: sleeping 30s...
[2026-05-31 15:16:02] [51/358] Backfilling CLS.TO...
[2026-05-31 15:21:02]   Attempt 1/3 timed out for CLS.TO
[45/371] OK: CKI.TO
[2026-05-31 15:26:07]   Attempt 2/3 timed out for CLS.TO
[2026-05-31 15:31:17]   Attempt 3/3 timed out for CLS.TO
[2026-05-31 15:31:17]   FAIL CLS.TO - skipping
[2026-05-31 15:31:17] [52/358] Backfilling CLX...
[46/371] OK: CL
[47/371] FAIL: CLC-UN.TO
[48/371] FAIL: CLC.UN.TO
[49/371] FAIL: CLCT
[50/371] FAIL: CLL.TO
Progress: 50/371 done, 35 failures
[2026-05-31 15:36:18]   Attempt 1/3 timed out for CLX
[2026-05-31 15:41:23]   Attempt 2/3 timed out for CLX
[51/371] OK: CLS.TO
[52/371] FAIL: CLX
[2026-05-31 15:46:33]   Attempt 3/3 timed out for CLX
[2026-05-31 15:46:33]   FAIL CLX - skipping
[2026-05-31 15:46:33] [53/358] Backfilling CM.TO...
[2026-05-31 15:47:27]   OK CM.TO done
[2026-05-31 15:47:27] [54/358] Backfilling CMO...
[2026-05-31 15:47:29]   OK CMO done
[2026-05-31 15:47:29] [55/358] Backfilling CNQ.TO...
[2026-05-31 15:52:29]   Attempt 1/3 timed out for CNQ.TO
[53/371] OK: CM.TO
[54/371] FAIL: CMO
[55/371] FAIL: CNQ.TO
[2026-05-31 15:57:34]   Attempt 2/3 timed out for CNQ.TO
[2026-05-31 16:02:44]   Attempt 3/3 timed out for CNQ.TO
[2026-05-31 16:02:44]   FAIL CNQ.TO - skipping
[2026-05-31 16:02:44] [56/358] Backfilling CNR.TO...
[2026-05-31 16:03:38]   OK CNR.TO done
[2026-05-31 16:03:38] [57/358] Backfilling COF...
[56/371] OK: CNR.TO
[57/371] FAIL: COF
[58/371] FAIL: COH
[2026-05-31 16:08:38]   Attempt 1/3 timed out for COF
[59/371] OK: COMP
[2026-05-31 16:13:43]   Attempt 2/3 timed out for COF
[60/371] OK: COP
Progress: 60/371 done, 40 failures
[2026-05-31 16:18:53]   Attempt 3/3 timed out for COF
[2026-05-31 16:18:53]   FAIL COF - skipping
[2026-05-31 16:18:53] [58/358] Backfilling COH...
[2026-05-31 16:18:55]   OK COH done
[2026-05-31 16:18:55] [59/358] Backfilling COMP...
[2026-05-31 16:18:58]   OK COMP done
[2026-05-31 16:18:58] [60/358] Backfilling COP...
[2026-05-31 16:19:04]   OK COP done
[2026-05-31 16:19:04] Rate limit: sleeping 30s...
[2026-05-31 16:19:34] [61/358] Backfilling CP.TO...
[2026-05-31 16:20:28]   OK CP.TO done
[2026-05-31 16:20:28] [62/358] Backfilling CPG.TO...
[2026-05-31 16:20:30]   OK CPG.TO done
[2026-05-31 16:20:30] [63/358] Backfilling CSCO...
[2026-05-31 16:25:30]   Attempt 1/3 timed out for CSCO
[61/371] OK: CP.TO
[62/371] FAIL: CPG.TO
[63/371] FAIL: CSCO
[2026-05-31 16:30:35]   Attempt 2/3 timed out for CSCO
[64/371] FAIL: CSS-UN.TO
[65/371] OK: CSS.TO
[2026-05-31 16:35:45]   Attempt 3/3 timed out for CSCO
[2026-05-31 16:35:45]   FAIL CSCO - skipping
[2026-05-31 16:35:45] [64/358] Backfilling CSS-UN.TO...
[2026-05-31 16:35:47]   OK CSS-UN.TO done
[2026-05-31 16:35:47] [65/358] Backfilling CSS.TO...
[2026-05-31 16:35:51]   OK CSS.TO done
[2026-05-31 16:35:51] [66/358] Backfilling CTAS...
[2026-05-31 16:36:45]   OK CTAS done
[2026-05-31 16:36:45] [67/358] Backfilling CTRP...
[2026-05-31 16:36:47]   OK CTRP done
[2026-05-31 16:36:47] [68/358] Backfilling CTXS...
[2026-05-31 16:36:49]   OK CTXS done
[2026-05-31 16:36:49] [69/358] Backfilling CU.TO...
[2026-05-31 16:41:49]   Attempt 1/3 timed out for CU.TO
[66/371] OK: CTAS
[67/371] FAIL: CTRP
[68/371] FAIL: CTXS
[2026-05-31 16:46:54]   Attempt 2/3 timed out for CU.TO
[2026-05-31 16:47:58]   OK CU.TO done
[2026-05-31 16:47:58] [70/358] Backfilling CWI-UN.TO...
[2026-05-31 16:48:00]   OK CWI-UN.TO done
[2026-05-31 16:48:00] Rate limit: sleeping 30s...
[2026-05-31 16:48:30] [71/358] Backfilling CWI.UN.TO...
[2026-05-31 16:48:32]   OK CWI.UN.TO done
[2026-05-31 16:48:32] [72/358] Backfilling DBA...
[2026-05-31 16:49:26]   OK DBA done
[2026-05-31 16:49:26] [73/358] Backfilling DBB...
[2026-05-31 16:50:19]   OK DBB done
[2026-05-31 16:50:19] [74/358] Backfilling DGW...
[69/371] FAIL: CU.TO
[2026-05-31 16:52:15]   OK DGW done
[2026-05-31 16:52:15] [75/358] Backfilling DIS...
[70/371] FAIL: CWI-UN.TO
Progress: 70/371 done, 47 failures
[71/371] FAIL: CWI.UN.TO
[2026-05-31 16:57:15]   Attempt 1/3 timed out for DIS
[72/371] OK: DBA
[2026-05-31 17:02:20]   Attempt 2/3 timed out for DIS
[73/371] OK: DBB
[74/371] OK: DGW
[2026-05-31 17:07:30]   Attempt 3/3 timed out for DIS
[2026-05-31 17:07:30]   FAIL DIS - skipping
[2026-05-31 17:07:30] [76/358] Backfilling DMF...
[2026-05-31 17:07:32]   OK DMF done
[2026-05-31 17:07:32] [77/358] Backfilling DOV...
[2026-05-31 17:08:26]   OK DOV done
[2026-05-31 17:08:26] [78/358] Backfilling DUK...
[2026-05-31 17:09:20]   OK DUK done
[2026-05-31 17:09:20] [79/358] Backfilling DVN...
[2026-05-31 17:10:14]   OK DVN done
[2026-05-31 17:10:14] [80/358] Backfilling DWX...
[2026-05-31 17:11:08]   OK DWX done
[2026-05-31 17:11:08] Rate limit: sleeping 30s...
[2026-05-31 17:11:38] [81/358] Backfilling EBAY...
[2026-05-31 17:12:32]   OK EBAY done
[2026-05-31 17:12:32] [82/358] Backfilling ECA.TO...
[2026-05-31 17:12:34]   OK ECA.TO done
[2026-05-31 17:12:34] [83/358] Backfilling ED...
[2026-05-31 17:13:28]   OK ED done
[2026-05-31 17:13:28] [84/358] Backfilling EDU...
[2026-05-31 17:14:22]   OK EDU done
[2026-05-31 17:14:22] [85/358] Backfilling EIT-UN.TO...
[75/371] OK: DIS
[76/371] FAIL: DMF
[2026-05-31 17:19:22]   Attempt 1/3 timed out for EIT-UN.TO
[77/371] OK: DOV
[2026-05-31 17:24:27]   Attempt 2/3 timed out for EIT-UN.TO
[2026-05-31 17:29:37]   Attempt 3/3 timed out for EIT-UN.TO
[2026-05-31 17:29:37]   FAIL EIT-UN.TO - skipping
[2026-05-31 17:29:37] [86/358] Backfilling EIT.UN.TO...
[2026-05-31 17:29:39]   OK EIT.UN.TO done
[2026-05-31 17:29:39] [87/358] Backfilling ELON...
[2026-05-31 17:29:54]   OK ELON done
[2026-05-31 17:29:54] [88/358] Backfilling EMP-A.TO...
[78/371] OK: DUK
[2026-05-31 17:34:54]   Attempt 1/3 timed out for EMP-A.TO
[2026-05-31 17:39:59]   Attempt 2/3 timed out for EMP-A.TO
[79/371] OK: DVN
[2026-05-31 17:45:09]   Attempt 3/3 timed out for EMP-A.TO
[2026-05-31 17:45:09]   FAIL EMP-A.TO - skipping
[2026-05-31 17:45:09] [89/358] Backfilling EMP.A.TO...
[2026-05-31 17:45:11]   OK EMP.A.TO done
[2026-05-31 17:45:11] [90/358] Backfilling EMR...
[80/371] OK: DWX
Progress: 80/371 done, 49 failures
[2026-05-31 17:50:11]   Attempt 1/3 timed out for EMR
[2026-05-31 17:55:16]   Attempt 2/3 timed out for EMR
[81/371] OK: EBAY
[82/371] FAIL: ECA.TO
[2026-05-31 18:00:27]   Attempt 3/3 timed out for EMR
[2026-05-31 18:00:27]   FAIL EMR - skipping
[2026-05-31 18:00:27] Rate limit: sleeping 30s...
[2026-05-31 18:00:57] [91/358] Backfilling ENB.TO...
[83/371] OK: ED
[2026-05-31 18:05:57]   Attempt 1/3 timed out for ENB.TO
[84/371] OK: EDU
[2026-05-31 18:11:02]   Attempt 2/3 timed out for ENB.TO
[2026-05-31 18:16:12]   Attempt 3/3 timed out for ENB.TO
[2026-05-31 18:16:12]   FAIL ENB.TO - skipping
[2026-05-31 18:16:12] [92/358] Backfilling EOG...
[85/371] OK: EIT-UN.TO
[86/371] FAIL: EIT.UN.TO
[87/371] OK: ELON
[2026-05-31 18:21:12]   Attempt 1/3 timed out for EOG
[88/371] OK: EMP-A.TO
[89/371] FAIL: EMP.A.TO
[2026-05-31 18:26:17]   Attempt 2/3 timed out for EOG
[2026-05-31 18:31:27]   Attempt 3/3 timed out for EOG
[2026-05-31 18:31:27]   FAIL EOG - skipping
[2026-05-31 18:31:27] [93/358] Backfilling ERF-UN.TO...
[2026-05-31 18:31:29]   OK ERF-UN.TO done
[2026-05-31 18:31:29] [94/358] Backfilling ERF.UN.TO...
[2026-05-31 18:31:31]   OK ERF.UN.TO done
[2026-05-31 18:31:31] [95/358] Backfilling ESI.TO...
[90/371] OK: EMR
Progress: 90/371 done, 52 failures
[2026-05-31 18:36:31]   Attempt 1/3 timed out for ESI.TO
[2026-05-31 18:41:37]   Attempt 2/3 timed out for ESI.TO
[91/371] OK: ENB.TO
[2026-05-31 18:46:47]   Attempt 3/3 timed out for ESI.TO
[2026-05-31 18:46:47]   FAIL ESI.TO - skipping
[2026-05-31 18:46:47] [96/358] Backfilling ETR...
[92/371] OK: EOG
[93/371] FAIL: ERF-UN.TO
[2026-05-31 18:51:47]   Attempt 1/3 timed out for ETR
[94/371] FAIL: ERF.UN.TO
[2026-05-31 18:56:52]   Attempt 2/3 timed out for ETR
[2026-05-31 19:01:38]   OK ETR done
[2026-05-31 19:01:38] [97/358] Backfilling EUO...
[2026-05-31 19:03:41]   OK EUO done
[2026-05-31 19:03:41] [98/358] Backfilling EVEP...
[2026-05-31 19:03:43]   OK EVEP done
[2026-05-31 19:03:43] [99/358] Backfilling EWX...
[95/371] OK: ESI.TO
[2026-05-31 19:08:43]   Attempt 1/3 timed out for EWX
[96/371] OK: ETR
[2026-05-31 19:13:48]   Attempt 2/3 timed out for EWX
[2026-05-31 19:18:59]   Attempt 3/3 timed out for EWX
[2026-05-31 19:18:59]   FAIL EWX - skipping
[2026-05-31 19:18:59] [100/358] Backfilling EWZ...
[97/371] OK: EUO
[98/371] FAIL: EVEP
[2026-05-31 19:23:26]   OK EWZ done
[2026-05-31 19:23:26] --- Progress: 81 OK, 19 FAIL, 359.3 min elapsed ---
[2026-05-31 19:23:26] Running indicator recalculation...
[2026-05-31 19:23:27] Indicators recalculated successfully.
[2026-05-31 19:23:28] Remaining symbols after refresh: 328
[2026-05-31 19:23:28] Rate limit: sleeping 30s...
[2026-05-31 19:23:58] [101/328] Backfilling EXK...
[99/371] OK: EWX
[2026-05-31 19:28:58]   Attempt 1/3 timed out for EXK
[100/371] OK: EWZ
Progress: 100/371 done, 55 failures
[2026-05-31 19:34:03]   Attempt 2/3 timed out for EXK
[2026-05-31 19:35:06]   OK EXK done
[2026-05-31 19:35:06] [102/328] Backfilling EXK.TO...
[2026-05-31 19:35:08]   OK EXK.TO done
[2026-05-31 19:35:08] [103/328] Backfilling F...
[2026-05-31 19:40:09]   Attempt 1/3 timed out for F
[101/371] OK: EXK
[102/371] FAIL: EXK.TO
[103/371] FAIL: F
[104/371] FAIL: FCR.TO
[105/371] FAIL: FDI
[106/371] FAIL: FES.TO
[2026-05-31 19:45:14]   Attempt 2/3 timed out for F
[2026-05-31 19:50:24]   Attempt 3/3 timed out for F
[2026-05-31 19:50:24]   FAIL F - skipping
[2026-05-31 19:50:24] [104/328] Backfilling FCR.TO...
[2026-05-31 19:50:26]   OK FCR.TO done
[2026-05-31 19:50:26] [105/328] Backfilling FDI...
[2026-05-31 19:50:28]   OK FDI done
[2026-05-31 19:50:28] [106/328] Backfilling FES.TO...
[2026-05-31 19:50:30]   OK FES.TO done
[2026-05-31 19:50:30] [107/328] Backfilling FFDF...
[2026-05-31 19:51:23]   OK FFDF done
[2026-05-31 19:51:23] [108/328] Backfilling FNV.TO...
[107/371] OK: FFDF
[108/371] FAIL: FNV.TO
[2026-05-31 19:56:23]   Attempt 1/3 timed out for FNV.TO
[109/371] FAIL: FRZNF.PK
[2026-05-31 20:01:28]   Attempt 2/3 timed out for FNV.TO
[2026-05-31 20:06:38]   Attempt 3/3 timed out for FNV.TO
[2026-05-31 20:06:38]   FAIL FNV.TO - skipping
[2026-05-31 20:06:38] [109/328] Backfilling FRZNF.PK...
[2026-05-31 20:06:41]   OK FRZNF.PK done
[2026-05-31 20:06:41] [110/328] Backfilling FTS.TO...
[2026-05-31 20:07:34]   OK FTS.TO done
[2026-05-31 20:07:34] Rate limit: sleeping 30s...
[2026-05-31 20:08:04] [111/328] Backfilling FWLT...
[2026-05-31 20:08:06]   OK FWLT done
[2026-05-31 20:08:06] [112/328] Backfilling FXY...
[2026-05-31 20:13:06]   Attempt 1/3 timed out for FXY
[110/371] OK: FTS.TO
Progress: 110/371 done, 62 failures
[111/371] FAIL: FWLT
[112/371] FAIL: FXY
[113/371] FAIL: GDI-UN.TO
[2026-05-31 20:18:11]   Attempt 2/3 timed out for FXY
[114/371] FAIL: GDI.TO
[2026-05-31 20:23:21]   Attempt 3/3 timed out for FXY
[2026-05-31 20:23:21]   FAIL FXY - skipping
[2026-05-31 20:23:21] [113/328] Backfilling GDI-UN.TO...
[2026-05-31 20:23:23]   OK GDI-UN.TO done
[2026-05-31 20:23:23] [114/328] Backfilling GDI.TO...
[2026-05-31 20:23:25]   OK GDI.TO done
[2026-05-31 20:23:25] [115/328] Backfilling GE...
[2026-05-31 20:24:19]   OK GE done
[2026-05-31 20:24:19] [116/328] Backfilling GIM...
[2026-05-31 20:24:21]   OK GIM done
[2026-05-31 20:24:21] [117/328] Backfilling GIS...
[115/371] OK: GE
[116/371] FAIL: GIM
[2026-05-31 20:29:21]   Attempt 1/3 timed out for GIS
[2026-05-31 20:30:20]   OK GIS done
[2026-05-31 20:30:20] [118/328] Backfilling GLD...
[2026-05-31 20:31:13]   OK GLD done
[2026-05-31 20:31:13] [119/328] Backfilling GLS...
[2026-05-31 20:31:15]   OK GLS done
[2026-05-31 20:31:15] [120/328] Backfilling GLW...
[2026-05-31 20:32:09]   OK GLW done
[2026-05-31 20:32:09] Rate limit: sleeping 30s...
[2026-05-31 20:32:39] [121/328] Backfilling GOOG...
[2026-05-31 20:33:32]   OK GOOG done
[2026-05-31 20:33:32] [122/328] Backfilling GPS...
[2026-05-31 20:33:34]   OK GPS done
[2026-05-31 20:33:34] [123/328] Backfilling GPW...
[2026-05-31 20:33:36]   OK GPW done
[2026-05-31 20:33:36] [124/328] Backfilling GRMN...
[2026-05-31 20:34:30]   OK GRMN done
[2026-05-31 20:34:30] [125/328] Backfilling GRZ...
[2026-05-31 20:34:32]   OK GRZ done
[2026-05-31 20:34:32] [126/328] Backfilling GSH...
[2026-05-31 20:34:34]   OK GSH done
[2026-05-31 20:34:34] [127/328] Backfilling GTU.UN.TO...
[2026-05-31 20:34:36]   OK GTU.UN.TO done
[2026-05-31 20:34:36] [128/328] Backfilling GWO.TO...
[2026-05-31 20:35:30]   OK GWO.TO done
[2026-05-31 20:35:30] [129/328] Backfilling HBNC...
[2026-05-31 20:36:23]   OK HBNC done
[2026-05-31 20:36:23] [130/328] Backfilling HCBK...
[2026-05-31 20:36:25]   OK HCBK done
[2026-05-31 20:36:25] Rate limit: sleeping 30s...
[2026-05-31 20:36:55] [131/328] Backfilling HCG.TO...
[2026-05-31 20:36:57]   OK HCG.TO done
[2026-05-31 20:36:57] [132/328] Backfilling HD...
[117/371] OK: GIS
[2026-05-31 20:41:57]   Attempt 1/3 timed out for HD
[118/371] OK: GLD
[119/371] FAIL: GLS
[2026-05-31 20:47:02]   Attempt 2/3 timed out for HD
[2026-05-31 20:52:13]   Attempt 3/3 timed out for HD
[2026-05-31 20:52:13]   FAIL HD - skipping
[2026-05-31 20:52:13] [133/328] Backfilling HGIC...
[2026-05-31 20:52:14]   OK HGIC done
[2026-05-31 20:52:14] [134/328] Backfilling HL...
[120/371] OK: GLW
Progress: 120/371 done, 68 failures
[2026-05-31 20:57:15]   Attempt 1/3 timed out for HL
[121/371] OK: GOOG
[122/371] FAIL: GPS
[123/371] FAIL: GPW
[2026-05-31 21:02:20]   Attempt 2/3 timed out for HL
[2026-05-31 21:07:30]   Attempt 3/3 timed out for HL
[2026-05-31 21:07:30]   FAIL HL - skipping
[2026-05-31 21:07:30] [135/328] Backfilling HMIN...
[2026-05-31 21:07:32]   OK HMIN done
[2026-05-31 21:07:32] [136/328] Backfilling HOU.TO...
[124/371] OK: GRMN
[125/371] FAIL: GRZ
[126/371] FAIL: GSH
[127/371] FAIL: GTU.UN.TO
[2026-05-31 21:12:32]   Attempt 1/3 timed out for HOU.TO
[2026-05-31 21:17:37]   Attempt 2/3 timed out for HOU.TO
[128/371] OK: GWO.TO
[2026-05-31 21:22:47]   Attempt 3/3 timed out for HOU.TO
[2026-05-31 21:22:47]   FAIL HOU.TO - skipping
[2026-05-31 21:22:47] [137/328] Backfilling HR-UN.TO...
[129/371] OK: HBNC
[130/371] FAIL: HCBK
Progress: 130/371 done, 74 failures
[131/371] FAIL: HCG.TO
[2026-05-31 21:27:47]   Attempt 1/3 timed out for HR-UN.TO
[2026-05-31 21:32:52]   Attempt 2/3 timed out for HR-UN.TO
[132/371] OK: HD
[133/371] FAIL: HGIC
[2026-05-31 21:38:02]   Attempt 3/3 timed out for HR-UN.TO
[2026-05-31 21:38:02]   FAIL HR-UN.TO - skipping
[2026-05-31 21:38:02] [138/328] Backfilling HR.UN.TO...
[2026-05-31 21:38:04]   OK HR.UN.TO done
[2026-05-31 21:38:04] [139/328] Backfilling HSE.TO...
[2026-05-31 21:38:07]   OK HSE.TO done
[2026-05-31 21:38:07] [140/328] Backfilling HTE-UN.TO...
[2026-05-31 21:38:08]   OK HTE-UN.TO done
[2026-05-31 21:38:08] Rate limit: sleeping 30s...
[2026-05-31 21:38:39] [141/328] Backfilling HTE.DB.E.TSE:B...
[2026-05-31 21:38:41]   OK HTE.DB.E.TSE:B done
[2026-05-31 21:38:41] [142/328] Backfilling HTE.UN.TO...
[2026-05-31 21:38:43]   OK HTE.UN.TO done
[2026-05-31 21:38:43] [143/328] Backfilling HTLD...
[2026-05-31 21:43:43]   Attempt 1/3 timed out for HTLD
[134/371] OK: HL
[135/371] FAIL: HMIN
[2026-05-31 21:48:48]   Attempt 2/3 timed out for HTLD
[136/371] OK: HOU.TO
[2026-05-31 21:53:58]   Attempt 3/3 timed out for HTLD
[2026-05-31 21:53:58]   FAIL HTLD - skipping
[2026-05-31 21:53:58] [144/328] Backfilling IAG.TO...
[137/371] OK: HR-UN.TO
[138/371] FAIL: HR.UN.TO
[2026-05-31 21:58:58]   Attempt 1/3 timed out for IAG.TO
[139/371] FAIL: HSE.TO
[140/371] FAIL: HTE-UN.TO
Progress: 140/371 done, 80 failures
[141/371] FAIL: HTE.DB.E.TSE:B
[142/371] FAIL: HTE.UN.TO
[2026-05-31 22:04:04]   Attempt 2/3 timed out for IAG.TO
[143/371] OK: HTLD
[2026-05-31 22:09:14]   Attempt 3/3 timed out for IAG.TO
[2026-05-31 22:09:14]   FAIL IAG.TO - skipping
[2026-05-31 22:09:14] [145/328] Backfilling IBM...
[2026-05-31 22:10:07]   OK IBM done
[2026-05-31 22:10:07] [146/328] Backfilling ICB...
[2026-05-31 22:11:00]   OK ICB done
[2026-05-31 22:11:00] [147/328] Backfilling IEX...
[2026-05-31 22:11:54]   OK IEX done
[2026-05-31 22:11:54] [148/328] Backfilling IGM.TO...
[2026-05-31 22:12:48]   OK IGM.TO done
[2026-05-31 22:12:48] [149/328] Backfilling ILF...
[2026-05-31 22:13:41]   OK ILF done
[2026-05-31 22:13:41] [150/328] Backfilling IMMR...
[2026-05-31 22:14:35]   OK IMMR done
[2026-05-31 22:14:35] --- Progress: 122 OK, 28 FAIL, 530.5 min elapsed ---
[2026-05-31 22:14:35] Running indicator recalculation...
[2026-05-31 22:14:37] Indicators recalculated successfully.
[2026-05-31 22:14:38] Remaining symbols after refresh: 310
[2026-05-31 22:14:38] Rate limit: sleeping 30s...
[2026-05-31 22:15:08] [151/310] Backfilling IMO.TO...
[2026-05-31 22:16:02]   OK IMO.TO done
[2026-05-31 22:16:02] [152/310] Backfilling INN-UN.TO...
[2026-05-31 22:16:05]   OK INN-UN.TO done
[2026-05-31 22:16:05] [153/310] Backfilling INPH...
[2026-05-31 22:16:07]   OK INPH done
[2026-05-31 22:16:07] [154/310] Backfilling INSM...
[144/371] OK: IAG.TO
[2026-05-31 22:21:07]   Attempt 1/3 timed out for INSM
[145/371] OK: IBM
[146/371] OK: ICB
[2026-05-31 22:26:12]   Attempt 2/3 timed out for INSM
[2026-05-31 22:31:22]   Attempt 3/3 timed out for INSM
[2026-05-31 22:31:22]   FAIL INSM - skipping
[2026-05-31 22:31:22] [155/310] Backfilling INTC...
[147/371] OK: IEX
[2026-05-31 22:36:22]   Attempt 1/3 timed out for INTC
[2026-05-31 22:41:27]   Attempt 2/3 timed out for INTC
[148/371] OK: IGM.TO
[2026-05-31 22:46:38]   Attempt 3/3 timed out for INTC
[2026-05-31 22:46:38]   FAIL INTC - skipping
[2026-05-31 22:46:38] [156/310] Backfilling IPT.V...
[149/371] OK: ILF
[2026-05-31 22:51:38]   Attempt 1/3 timed out for IPT.V
[2026-05-31 22:56:43]   Attempt 2/3 timed out for IPT.V
[150/371] OK: IMMR
Progress: 150/371 done, 82 failures
[2026-05-31 23:01:53]   Attempt 3/3 timed out for IPT.V
[2026-05-31 23:01:53]   FAIL IPT.V - skipping
[2026-05-31 23:01:53] [157/310] Backfilling IRC.TO...
[2026-05-31 23:01:55]   OK IRC.TO done
[2026-05-31 23:01:55] [158/310] Backfilling IRG.TO...
[2026-05-31 23:05:51]   OK IRG.TO done
[2026-05-31 23:05:51] [159/310] Backfilling ISH...
[2026-05-31 23:05:53]   OK ISH done
[2026-05-31 23:05:53] [160/310] Backfilling ISIS...
[2026-05-31 23:05:55]   OK ISIS done
[2026-05-31 23:05:55] Rate limit: sleeping 30s...
[2026-05-31 23:06:25] [161/310] Backfilling IWM...
[151/371] OK: IMO.TO
[152/371] FAIL: INN-UN.TO
[153/371] FAIL: INPH
[2026-05-31 23:11:25]   Attempt 1/3 timed out for IWM
[154/371] OK: INSM
[2026-05-31 23:16:30]   Attempt 2/3 timed out for IWM
[2026-05-31 23:21:40]   Attempt 3/3 timed out for IWM
[2026-05-31 23:21:40]   FAIL IWM - skipping
[2026-05-31 23:21:40] [162/310] Backfilling IXC...
[155/371] OK: INTC
[2026-05-31 23:26:40]   Attempt 1/3 timed out for IXC
[2026-05-31 23:31:46]   Attempt 2/3 timed out for IXC
[156/371] OK: IPT.V
[157/371] FAIL: IRC.TO
[158/371] OK: IRG.TO
[159/371] FAIL: ISH
[160/371] FAIL: ISIS
Progress: 160/371 done, 87 failures
[2026-05-31 23:36:56]   Attempt 3/3 timed out for IXC
[2026-05-31 23:36:56]   FAIL IXC - skipping
[2026-05-31 23:36:56] [163/310] Backfilling IYF...
[2026-05-31 23:41:56]   Attempt 1/3 timed out for IYF
[161/371] OK: IWM
[2026-05-31 23:47:01]   Attempt 2/3 timed out for IYF
[162/371] OK: IXC
[2026-05-31 23:52:11]   Attempt 3/3 timed out for IYF
[2026-05-31 23:52:11]   FAIL IYF - skipping
[2026-05-31 23:52:11] [164/310] Backfilling JCP...
[2026-05-31 23:52:13]   OK JCP done
[2026-05-31 23:52:13] [165/310] Backfilling JE-UN.TO...
[2026-05-31 23:52:15]   OK JE-UN.TO done
[2026-05-31 23:52:15] [166/310] Backfilling JE.UN.TO...
[2026-05-31 23:52:17]   OK JE.UN.TO done
[2026-05-31 23:52:17] [167/310] Backfilling JNJ...
[2026-05-31 23:53:11]   OK JNJ done
[2026-05-31 23:53:11] [168/310] Backfilling K...
[2026-05-31 23:53:13]   OK K done
[2026-05-31 23:53:13] [169/310] Backfilling K.TO...
[2026-05-31 23:54:07]   OK K.TO done
[2026-05-31 23:54:07] [170/310] Backfilling KEG-UN.TO...
[2026-05-31 23:54:09]   OK KEG-UN.TO done
[2026-05-31 23:54:09] Rate limit: sleeping 30s...
[2026-05-31 23:54:39] [171/310] Backfilling KEY...
[2026-05-31 23:55:32]   OK KEY done
[2026-05-31 23:55:32] [172/310] Backfilling KEY-UN.TO...
[2026-05-31 23:56:25]   OK KEY-UN.TO done
[2026-05-31 23:56:25] [173/310] Backfilling KEY.UN.TO...
[2026-05-31 23:56:28]   OK KEY.UN.TO done
[2026-05-31 23:56:28] [174/310] Backfilling KFT...
[2026-05-31 23:56:32]   OK KFT done
[2026-05-31 23:56:32] [175/310] Backfilling KMB...
[2026-05-31 23:57:33]   OK KMB done
[2026-05-31 23:57:33] [176/310] Backfilling KO...
[2026-05-31 23:58:28]   OK KO done
[2026-05-31 23:58:28] [177/310] Backfilling KOL...
[2026-05-31 23:59:22]   OK KOL done
[2026-05-31 23:59:22] [178/310] Backfilling KWK...
[2026-05-31 23:59:24]   OK KWK done
[2026-05-31 23:59:24] [179/310] Backfilling L.TO...
[163/371] OK: IYF
[164/371] FAIL: JCP
[165/371] FAIL: JE-UN.TO
[166/371] FAIL: JE.UN.TO
[2026-06-01 00:04:24]   Attempt 1/3 timed out for L.TO
[2026-06-01 00:09:29]   Attempt 2/3 timed out for L.TO
[167/371] OK: JNJ
[168/371] FAIL: K
[2026-06-01 00:14:39]   Attempt 3/3 timed out for L.TO
[2026-06-01 00:14:39]   FAIL L.TO - skipping
[2026-06-01 00:14:39] [180/310] Backfilling LEO...
[169/371] OK: K.TO
[170/371] FAIL: KEG-UN.TO
Progress: 170/371 done, 92 failures
[2026-06-01 00:19:40]   Attempt 1/3 timed out for LEO
[2026-06-01 00:24:45]   Attempt 2/3 timed out for LEO
[171/371] OK: KEY
[2026-06-01 00:29:55]   Attempt 3/3 timed out for LEO
[2026-06-01 00:29:55]   FAIL LEO - skipping
[2026-06-01 00:29:55] Rate limit: sleeping 30s...
[172/371] OK: KEY-UN.TO
[2026-06-01 00:30:25] [181/310] Backfilling LIF-UN.TO...
[2026-06-01 00:30:27]   OK LIF-UN.TO done
[2026-06-01 00:30:27] [182/310] Backfilling LIF.UN.TO...
[2026-06-01 00:30:29]   OK LIF.UN.TO done
[2026-06-01 00:30:29] [183/310] Backfilling LINE...
[173/371] FAIL: KEY.UN.TO
[174/371] FAIL: KFT
[2026-06-01 00:31:39]   OK LINE done
[2026-06-01 00:31:39] [184/310] Backfilling LLY...
[2026-06-01 00:36:39]   Attempt 1/3 timed out for LLY
[175/371] OK: KMB
[2026-06-01 00:41:44]   Attempt 2/3 timed out for LLY
[2026-06-01 00:46:54]   Attempt 3/3 timed out for LLY
[2026-06-01 00:46:54]   FAIL LLY - skipping
[2026-06-01 00:46:54] [185/310] Backfilling LNC...
[176/371] OK: KO
[177/371] OK: KOL
[178/371] FAIL: KWK
[2026-06-01 00:51:55]   Attempt 1/3 timed out for LNC
[2026-06-01 00:57:00]   Attempt 2/3 timed out for LNC
[179/371] OK: L.TO
[2026-06-01 01:02:10]   Attempt 3/3 timed out for LNC
[2026-06-01 01:02:10]   FAIL LNC - skipping
[2026-06-01 01:02:10] [186/310] Backfilling LOW...
[2026-06-01 01:07:10]   Attempt 1/3 timed out for LOW
[180/371] OK: LEO
Progress: 180/371 done, 95 failures
[181/371] FAIL: LIF-UN.TO
[182/371] FAIL: LIF.UN.TO
[183/371] OK: LINE
[2026-06-01 01:12:15]   Attempt 2/3 timed out for LOW
[2026-06-01 01:17:25]   Attempt 3/3 timed out for LOW
[2026-06-01 01:17:25]   FAIL LOW - skipping
[2026-06-01 01:17:25] [187/310] Backfilling LOW.NS...
[2026-06-01 01:17:28]   OK LOW.NS done
[2026-06-01 01:17:28] [188/310] Backfilling MCD...
[184/371] OK: LLY
[2026-06-01 01:22:28]   Attempt 1/3 timed out for MCD
[185/371] OK: LNC
[2026-06-01 01:27:33]   Attempt 2/3 timed out for MCD
[2026-06-01 01:32:43]   Attempt 3/3 timed out for MCD
[2026-06-01 01:32:43]   FAIL MCD - skipping
[2026-06-01 01:32:43] [189/310] Backfilling MET...
[186/371] OK: LOW
[187/371] FAIL: LOW.NS
[2026-06-01 01:37:43]   Attempt 1/3 timed out for MET
[188/371] OK: MCD
[2026-06-01 01:42:49]   Attempt 2/3 timed out for MET
[2026-06-01 01:43:52]   OK MET done
[2026-06-01 01:43:52] [190/310] Backfilling MFA...
[2026-06-01 01:48:52]   Attempt 1/3 timed out for MFA
[189/371] OK: MET
[190/371] FAIL: MFA
Progress: 190/371 done, 99 failures
[2026-06-01 01:53:58]   Attempt 2/3 timed out for MFA
[2026-06-01 01:59:08]   Attempt 3/3 timed out for MFA
[2026-06-01 01:59:08]   FAIL MFA - skipping
[2026-06-01 01:59:08] Rate limit: sleeping 30s...
[2026-06-01 01:59:38] [191/310] Backfilling MFC.TO...
[2026-06-01 02:00:32]   OK MFC.TO done
[2026-06-01 02:00:32] [192/310] Backfilling MG-A.TO...
[2026-06-01 02:02:46]   OK MG-A.TO done
[2026-06-01 02:02:46] [193/310] Backfilling MG.A.TO...
[191/371] OK: MFC.TO
[2026-06-01 02:02:48]   OK MG.A.TO done
[2026-06-01 02:02:48] [194/310] Backfilling MG.TO...
[192/371] OK: MG-A.TO
[193/371] FAIL: MG.A.TO
[194/371] FAIL: MG.TO
[195/371] OK: MGN
[2026-06-01 02:07:48]   Attempt 1/3 timed out for MG.TO
[2026-06-01 02:08:51]   OK MG.TO done
[2026-06-01 02:08:51] [195/310] Backfilling MGN...
[2026-06-01 02:08:54]   OK MGN done
[2026-06-01 02:08:54] [196/310] Backfilling MKP.TO...
[2026-06-01 02:09:48]   OK MKP.TO done
[2026-06-01 02:09:48] [197/310] Backfilling MMM...
[196/371] OK: MKP.TO
[2026-06-01 02:14:48]   Attempt 1/3 timed out for MMM
[2026-06-01 02:15:47]   OK MMM done
[2026-06-01 02:15:47] [198/310] Backfilling MOS...
[2026-06-01 02:16:40]   OK MOS done
[2026-06-01 02:16:40] [199/310] Backfilling MRD.TO...
[2026-06-01 02:17:34]   OK MRD.TO done
[2026-06-01 02:17:34] [200/310] Backfilling MRK...
[2026-06-01 02:18:29]   OK MRK done
[2026-06-01 02:18:29] --- Progress: 159 OK, 41 FAIL, 774.4 min elapsed ---
[2026-06-01 02:18:29] Running indicator recalculation...
[2026-06-01 02:20:48] Indicators recalculated successfully.
[2026-06-01 02:20:49] Remaining symbols after refresh: 276
[2026-06-01 02:20:49] Rate limit: sleeping 30s...
[2026-06-01 02:21:19] [201/276] Backfilling MRU-A.TO...
[2026-06-01 02:21:21]   OK MRU-A.TO done
[2026-06-01 02:21:21] [202/276] Backfilling MRU.A.TO...
[2026-06-01 02:21:23]   OK MRU.A.TO done
[2026-06-01 02:21:23] [203/276] Backfilling MS...
[2026-06-01 02:22:17]   OK MS done
[2026-06-01 02:22:17] [204/276] Backfilling MUR...
[197/371] OK: MMM
[2026-06-01 02:27:17]   Attempt 1/3 timed out for MUR
[198/371] OK: MOS
[2026-06-01 02:32:22]   Attempt 2/3 timed out for MUR
[2026-06-01 02:37:33]   Attempt 3/3 timed out for MUR
[2026-06-01 02:37:33]   FAIL MUR - skipping
[2026-06-01 02:37:33] [205/276] Backfilling MX.TO...
[199/371] OK: MRD.TO
[2026-06-01 02:42:33]   Attempt 1/3 timed out for MX.TO
[2026-06-01 02:47:38]   Attempt 2/3 timed out for MX.TO
[200/371] OK: MRK
Progress: 200/371 done, 101 failures
[201/371] FAIL: MRU-A.TO
[202/371] FAIL: MRU.A.TO
[2026-06-01 02:52:48]   Attempt 3/3 timed out for MX.TO
[2026-06-01 02:52:48]   FAIL MX.TO - skipping
[2026-06-01 02:52:48] [206/276] Backfilling NA.TO...
[203/371] OK: MS
[2026-06-01 02:57:48]   Attempt 1/3 timed out for NA.TO
[2026-06-01 03:02:53]   Attempt 2/3 timed out for NA.TO
[204/371] OK: MUR
[2026-06-01 03:08:03]   Attempt 3/3 timed out for NA.TO
[2026-06-01 03:08:03]   FAIL NA.TO - skipping
[2026-06-01 03:08:03] [207/276] Backfilling NCX.TO...
[2026-06-01 03:08:05]   OK NCX.TO done
[2026-06-01 03:08:05] [208/276] Backfilling NG...
[2026-06-01 03:13:05]   Attempt 1/3 timed out for NG
[205/371] OK: MX.TO
[2026-06-01 03:18:10]   Attempt 2/3 timed out for NG
[206/371] OK: NA.TO
[207/371] FAIL: NCX.TO
[2026-06-01 03:23:20]   Attempt 3/3 timed out for NG
[2026-06-01 03:23:20]   FAIL NG - skipping
[2026-06-01 03:23:20] [209/276] Backfilling NGP.TO...
[2026-06-01 03:23:23]   OK NGP.TO done
[2026-06-01 03:23:23] [210/276] Backfilling NKE...
[2026-06-01 03:28:23]   Attempt 1/3 timed out for NKE
[208/371] OK: NG
[209/371] FAIL: NGP.TO
[2026-06-01 03:33:28]   Attempt 2/3 timed out for NKE
[2026-06-01 03:34:31]   OK NKE done
[2026-06-01 03:34:31] Rate limit: sleeping 30s...
[2026-06-01 03:35:01] [211/276] Backfilling NLY...
[2026-06-01 03:35:55]   OK NLY done
[2026-06-01 03:35:55] [212/276] Backfilling NOK...
[2026-06-01 03:36:49]   OK NOK done
[2026-06-01 03:36:49] [213/276] Backfilling NT.TO...
[2026-06-01 03:36:50]   OK NT.TO done
[2026-06-01 03:36:50] [214/276] Backfilling NVS...
[2026-06-01 03:37:44]   OK NVS done
[2026-06-01 03:37:44] [215/276] Backfilling NXY.TO...
[2026-06-01 03:37:46]   OK NXY.TO done
[2026-06-01 03:37:46] [216/276] Backfilling OBQI.OB...
[2026-06-01 03:37:48]   OK OBQI.OB done
[2026-06-01 03:37:48] [217/276] Backfilling OIH...
[2026-06-01 03:38:42]   OK OIH done
[2026-06-01 03:38:42] [218/276] Backfilling ONC.TO...
[2026-06-01 03:38:44]   OK ONC.TO done
[2026-06-01 03:38:44] [219/276] Backfilling ORA...
[2026-06-01 03:39:37]   OK ORA done
[2026-06-01 03:39:37] [220/276] Backfilling OZRK...
[2026-06-01 03:39:39]   OK OZRK done
[2026-06-01 03:39:39] Rate limit: sleeping 30s...
[2026-06-01 03:40:09] [221/276] Backfilling PAAS...
[210/371] OK: NKE
Progress: 210/371 done, 105 failures
[2026-06-01 03:45:10]   Attempt 1/3 timed out for PAAS
[2026-06-01 03:50:15]   Attempt 2/3 timed out for PAAS
[211/371] OK: NLY
[2026-06-01 03:55:25]   Attempt 3/3 timed out for PAAS
[2026-06-01 03:55:25]   FAIL PAAS - skipping
[2026-06-01 03:55:25] [222/276] Backfilling PALAF.PK...
[2026-06-01 03:55:27]   OK PALAF.PK done
[2026-06-01 03:55:27] [223/276] Backfilling PALL...
[212/371] OK: NOK
[213/371] FAIL: NT.TO
[2026-06-01 04:00:27]   Attempt 1/3 timed out for PALL
[2026-06-01 04:00:36]   OK PALL done
[2026-06-01 04:00:36] [224/276] Backfilling PAR...
[2026-06-01 04:05:36]   Attempt 1/3 timed out for PAR
[214/371] OK: NVS
[215/371] FAIL: NXY.TO
[216/371] FAIL: OBQI.OB
[2026-06-01 04:10:41]   Attempt 2/3 timed out for PAR
[2026-06-01 04:15:51]   Attempt 3/3 timed out for PAR
[2026-06-01 04:15:51]   FAIL PAR - skipping
[2026-06-01 04:15:51] [225/276] Backfilling PBI...
[217/371] OK: OIH
[218/371] FAIL: ONC.TO
[2026-06-01 04:20:51]   Attempt 1/3 timed out for PBI
[219/371] OK: ORA
[220/371] FAIL: OZRK
Progress: 220/371 done, 110 failures
[2026-06-01 04:25:56]   Attempt 2/3 timed out for PBI
[2026-06-01 04:31:06]   Attempt 3/3 timed out for PBI
[2026-06-01 04:31:06]   FAIL PBI - skipping
[2026-06-01 04:31:06] [226/276] Backfilling PBR...
[221/371] OK: PAAS
[222/371] FAIL: PALAF.PK
[223/371] OK: PALL
[2026-06-01 04:36:06]   Attempt 1/3 timed out for PBR
[224/371] OK: PAR
[2026-06-01 04:41:12]   Attempt 2/3 timed out for PBR
[2026-06-01 04:46:22]   Attempt 3/3 timed out for PBR
[2026-06-01 04:46:22]   FAIL PBR - skipping
[2026-06-01 04:46:22] [227/276] Backfilling PC.TO...
[2026-06-01 04:46:24]   OK PC.TO done
[2026-06-01 04:46:24] [228/276] Backfilling PCC...
[2026-06-01 04:46:26]   OK PCC done
[2026-06-01 04:46:26] [229/276] Backfilling PDM-UN.TO...
[2026-06-01 04:46:28]   OK PDM-UN.TO done
[2026-06-01 04:46:28] [230/276] Backfilling PDS...
[225/371] OK: PBI
[2026-06-01 04:51:28]   Attempt 1/3 timed out for PDS
[2026-06-01 04:56:33]   Attempt 2/3 timed out for PDS
[226/371] OK: PBR
[227/371] FAIL: PC.TO
[228/371] FAIL: PCC
[229/371] FAIL: PDM-UN.TO
[230/371] FAIL: PDS
Progress: 230/371 done, 115 failures
[2026-06-01 05:01:43]   Attempt 3/3 timed out for PDS
[2026-06-01 05:01:43]   FAIL PDS - skipping
[2026-06-01 05:01:43] Rate limit: sleeping 30s...
[2026-06-01 05:02:13] [231/276] Backfilling PEP...
[2026-06-01 05:03:06]   OK PEP done
[2026-06-01 05:03:06] [232/276] Backfilling PEY-UN.TO...
[2026-06-01 05:07:29]   OK PEY-UN.TO done
[2026-06-01 05:07:29] [233/276] Backfilling PEY.UN.TO...
[2026-06-01 05:07:31]   OK PEY.UN.TO done
[2026-06-01 05:07:31] [234/276] Backfilling PFE...
[231/371] OK: PEP
[232/371] OK: PEY-UN.TO
[233/371] FAIL: PEY.UN.TO
[2026-06-01 05:12:31]   Attempt 1/3 timed out for PFE
[2026-06-01 05:13:29]   OK PFE done
[2026-06-01 05:13:29] [235/276] Backfilling PG...
[2026-06-01 05:14:23]   OK PG done
[2026-06-01 05:14:23] [236/276] Backfilling PGH...
[2026-06-01 05:15:16]   OK PGH done
[2026-06-01 05:15:16] [237/276] Backfilling PKPL.OB...
[2026-06-01 05:15:18]   OK PKPL.OB done
[2026-06-01 05:15:18] [238/276] Backfilling PMT-UN.TO...
[2026-06-01 05:16:10]   OK PMT-UN.TO done
[2026-06-01 05:16:10] [239/276] Backfilling PMT.UN.TO...
[2026-06-01 05:16:13]   OK PMT.UN.TO done
[2026-06-01 05:16:13] [240/276] Backfilling POR...
[2026-06-01 05:17:06]   OK POR done
[2026-06-01 05:17:06] Rate limit: sleeping 30s...
[2026-06-01 05:17:36] [241/276] Backfilling POT...
[2026-06-01 05:17:38]   OK POT done
[2026-06-01 05:17:38] [242/276] Backfilling POW.TO...
[2026-06-01 05:18:31]   OK POW.TO done
[2026-06-01 05:18:31] [243/276] Backfilling PPG...
[2026-06-01 05:19:25]   OK PPG done
[2026-06-01 05:19:25] [244/276] Backfilling PSJ...
[234/371] OK: PFE
[2026-06-01 05:24:25]   Attempt 1/3 timed out for PSJ
[235/371] OK: PG
[2026-06-01 05:29:30]   Attempt 2/3 timed out for PSJ
[2026-06-01 05:29:44]   OK PSJ done
[2026-06-01 05:29:44] [245/276] Backfilling PTR...
[2026-06-01 05:29:46]   OK PTR done
[2026-06-01 05:29:46] [246/276] Backfilling PVD...
[2026-06-01 05:29:48]   OK PVD done
[2026-06-01 05:29:48] [247/276] Backfilling PVG.TO...
[2026-06-01 05:29:50]   OK PVG.TO done
[2026-06-01 05:29:50] [248/276] Backfilling PVX...
[236/371] OK: PGH
[237/371] FAIL: PKPL.OB
[2026-06-01 05:33:20]   OK PVX done
[2026-06-01 05:33:20] [249/276] Backfilling PWF.TO...
[2026-06-01 05:33:22]   OK PWF.TO done
[2026-06-01 05:33:22] [250/276] Backfilling PZA.TO...
[238/371] OK: PMT-UN.TO
[239/371] FAIL: PMT.UN.TO
[2026-06-01 05:38:22]   Attempt 1/3 timed out for PZA.TO
[240/371] OK: POR
Progress: 240/371 done, 118 failures
[241/371] FAIL: POT
[2026-06-01 05:43:27]   Attempt 2/3 timed out for PZA.TO
[2026-06-01 05:48:37]   Attempt 3/3 timed out for PZA.TO
[2026-06-01 05:48:37]   FAIL PZA.TO - skipping
[2026-06-01 05:48:37] --- Progress: 199 OK, 51 FAIL, 984.5 min elapsed ---
[2026-06-01 05:48:37] Running indicator recalculation...
[2026-06-01 05:49:59] Indicators recalculated successfully.
[2026-06-01 05:50:00] Remaining symbols after refresh: 247
[2026-06-01 05:50:00] [251/247] Backfilling RAX...
[2026-06-01 05:50:02]   OK RAX done
[2026-06-01 05:50:02] [252/247] Backfilling REI-UN.TO...
[242/371] OK: POW.TO
[2026-06-01 05:55:02]   Attempt 1/3 timed out for REI-UN.TO
[243/371] OK: PPG
[244/371] OK: PSJ
[245/371] FAIL: PTR
[246/371] FAIL: PVD
[2026-06-01 06:00:07]   Attempt 2/3 timed out for REI-UN.TO
[247/371] FAIL: PVG.TO
[248/371] OK: PVX
[249/371] FAIL: PWF.TO
[2026-06-01 06:05:12]   OK REI-UN.TO done
[2026-06-01 06:05:12] [253/247] Backfilling REI.UN.TO...
[2026-06-01 06:05:14]   OK REI.UN.TO done
[2026-06-01 06:05:14] [254/247] Backfilling RIG...
[250/371] OK: PZA.TO
Progress: 250/371 done, 123 failures
[251/371] FAIL: RAX
[2026-06-01 06:10:15]   Attempt 1/3 timed out for RIG
[2026-06-01 06:15:20]   Attempt 2/3 timed out for RIG
[252/371] OK: REI-UN.TO
[253/371] FAIL: REI.UN.TO
[254/371] FAIL: RIG
[255/371] FAIL: RIMM
[2026-06-01 06:20:30]   Attempt 3/3 timed out for RIG
[2026-06-01 06:20:30]   FAIL RIG - skipping
[2026-06-01 06:20:30] [255/247] Backfilling RIMM...
[2026-06-01 06:20:31]   OK RIMM done
[2026-06-01 06:20:31] [256/247] Backfilling RIO...
[2026-06-01 06:21:25]   OK RIO done
[2026-06-01 06:21:25] [257/247] Backfilling RNK-UN.TO...
[2026-06-01 06:21:27]   OK RNK-UN.TO done
[2026-06-01 06:21:27] [258/247] Backfilling RNK.TO...
[2026-06-01 06:21:29]   OK RNK.TO done
[2026-06-01 06:21:29] [259/247] Backfilling ROC...
[2026-06-01 06:21:36]   OK ROC done
[2026-06-01 06:21:36] [260/247] Backfilling ROC.TO...
[2026-06-01 06:21:38]   OK ROC.TO done
[2026-06-01 06:21:38] [261/247] Backfilling ROY...
[2026-06-01 06:21:40]   OK ROY done
[2026-06-01 06:21:40] [262/247] Backfilling RPM...
[2026-06-01 06:26:40]   Attempt 1/3 timed out for RPM
[256/371] OK: RIO
[257/371] FAIL: RNK-UN.TO
[258/371] FAIL: RNK.TO
[259/371] OK: ROC
[260/371] FAIL: ROC.TO
Progress: 260/371 done, 130 failures
[261/371] FAIL: ROY
[2026-06-01 06:31:45]   Attempt 2/3 timed out for RPM
[2026-06-01 06:32:49]   OK RPM done
[2026-06-01 06:32:49] [263/247] Backfilling RPT...
[2026-06-01 06:36:45]   OK RPT done
[2026-06-01 06:36:45] [264/247] Backfilling RSO...
[2026-06-01 06:36:47]   OK RSO done
[2026-06-01 06:36:47] [265/247] Backfilling RTM...
[2026-06-01 06:37:40]   OK RTM done
[2026-06-01 06:37:40] [266/247] Backfilling RTP...
[2026-06-01 06:37:43]   OK RTP done
[2026-06-01 06:37:43] [267/247] Backfilling RUS.TO...
[2026-06-01 06:38:36]   OK RUS.TO done
[2026-06-01 06:38:36] [268/247] Backfilling RY.TO...
[262/371] OK: RPM
[263/371] OK: RPT
[264/371] FAIL: RSO
[2026-06-01 06:43:36]   Attempt 1/3 timed out for RY.TO
[265/371] OK: RTM
[266/371] FAIL: RTP
[2026-06-01 06:48:41]   Attempt 2/3 timed out for RY.TO
[2026-06-01 06:53:51]   Attempt 3/3 timed out for RY.TO
[2026-06-01 06:53:51]   FAIL RY.TO - skipping
[2026-06-01 06:53:51] [269/247] Backfilling SAP.TO...
[267/371] OK: RUS.TO
[2026-06-01 06:58:51]   Attempt 1/3 timed out for SAP.TO
[268/371] OK: RY.TO
[2026-06-01 07:03:56]   Attempt 2/3 timed out for SAP.TO
[2026-06-01 07:05:00]   OK SAP.TO done
[2026-06-01 07:05:00] [270/247] Backfilling SBUX...
[2026-06-01 07:05:54]   OK SBUX done
[2026-06-01 07:05:54] [271/247] Backfilling SC.TO...
[2026-06-01 07:06:47]   OK SC.TO done
[2026-06-01 07:06:47] [272/247] Backfilling SDRLF.PK...
[2026-06-01 07:06:50]   OK SDRLF.PK done
[2026-06-01 07:06:50] [273/247] Backfilling SDY...
[2026-06-01 07:07:43]   OK SDY done
[2026-06-01 07:07:43] [274/247] Backfilling SGGDD.PK...
[2026-06-01 07:07:45]   OK SGGDD.PK done
[2026-06-01 07:07:45] [275/247] Backfilling SGU...
[2026-06-01 07:08:39]   OK SGU done
[2026-06-01 07:08:39] [276/247] Backfilling SGX.AX...
[2026-06-01 07:08:41]   OK SGX.AX done
[2026-06-01 07:08:41] [277/247] Backfilling SH...
[2026-06-01 07:09:34]   OK SH done
[2026-06-01 07:09:34] [278/247] Backfilling SIF-UN.TO...
[2026-06-01 07:09:37]   OK SIF-UN.TO done
[2026-06-01 07:09:37] [279/247] Backfilling SIF.UN.TO...
[2026-06-01 07:09:39]   OK SIF.UN.TO done
[2026-06-01 07:09:39] [280/247] Backfilling SINA...
[2026-06-01 07:09:41]   OK SINA done
[2026-06-01 07:09:41] [281/247] Backfilling SKT...
[2026-06-01 07:10:35]   OK SKT done
[2026-06-01 07:10:35] [282/247] Backfilling SLF.TO...
[2026-06-01 07:11:29]   OK SLF.TO done
[2026-06-01 07:11:29] [283/247] Backfilling SLV...
[269/371] OK: SAP.TO
[2026-06-01 07:16:29]   Attempt 1/3 timed out for SLV
[2026-06-01 07:21:34]   Attempt 2/3 timed out for SLV
[270/371] OK: SBUX
Progress: 270/371 done, 133 failures
[2026-06-01 07:26:44]   Attempt 3/3 timed out for SLV
[2026-06-01 07:26:44]   FAIL SLV - skipping
[2026-06-01 07:26:44] [284/247] Backfilling SLW...
[2026-06-01 07:26:46]   OK SLW done
[2026-06-01 07:26:46] [285/247] Backfilling SOR...
[271/371] OK: SC.TO
[272/371] FAIL: SDRLF.PK
[2026-06-01 07:31:46]   Attempt 1/3 timed out for SOR
[273/371] OK: SDY
[274/371] FAIL: SGGDD.PK
[2026-06-01 07:36:51]   Attempt 2/3 timed out for SOR
[2026-06-01 07:42:01]   Attempt 3/3 timed out for SOR
[2026-06-01 07:42:01]   FAIL SOR - skipping
[2026-06-01 07:42:01] [286/247] Backfilling SPB.TO...
[275/371] OK: SGU
[276/371] FAIL: SGX.AX
[2026-06-01 07:47:02]   Attempt 1/3 timed out for SPB.TO
[277/371] OK: SH
[278/371] FAIL: SIF-UN.TO
[279/371] FAIL: SIF.UN.TO
[280/371] FAIL: SINA
Progress: 280/371 done, 139 failures
[2026-06-01 07:52:07]   Attempt 2/3 timed out for SPB.TO
[2026-06-01 07:57:17]   Attempt 3/3 timed out for SPB.TO
[2026-06-01 07:57:17]   FAIL SPB.TO - skipping
[2026-06-01 07:57:17] [287/247] Backfilling SPF-UN.TO...
[2026-06-01 07:57:19]   OK SPF-UN.TO done
[2026-06-01 07:57:19] [288/247] Backfilling SPXJ.L...
[281/371] OK: SKT
[2026-06-01 08:02:19]   Attempt 1/3 timed out for SPXJ.L
[282/371] OK: SLF.TO
[2026-06-01 08:07:24]   Attempt 2/3 timed out for SPXJ.L
[2026-06-01 08:12:34]   Attempt 3/3 timed out for SPXJ.L
[2026-06-01 08:12:34]   FAIL SPXJ.L - skipping
[2026-06-01 08:12:34] [289/247] Backfilling SQP-UN.TO...
[2026-06-01 08:12:36]   OK SQP-UN.TO done
[2026-06-01 08:12:36] [290/247] Backfilling SQP.TO...
[2026-06-01 08:12:38]   OK SQP.TO done
[2026-06-01 08:12:38] [291/247] Backfilling SRV-UN.TO...
[283/371] OK: SLV
[284/371] FAIL: SLW
[2026-06-01 08:17:38]   Attempt 1/3 timed out for SRV-UN.TO
[285/371] OK: SOR
[2026-06-01 08:22:44]   Attempt 2/3 timed out for SRV-UN.TO
[2026-06-01 08:27:54]   Attempt 3/3 timed out for SRV-UN.TO
[2026-06-01 08:27:54]   FAIL SRV-UN.TO - skipping
[2026-06-01 08:27:54] [292/247] Backfilling SRV.UN.TO...
[2026-06-01 08:27:56]   OK SRV.UN.TO done
[2026-06-01 08:27:56] [293/247] Backfilling STEC...
[2026-06-01 08:27:58]   OK STEC done
[2026-06-01 08:27:58] [294/247] Backfilling STP...
[286/371] OK: SPB.TO
[287/371] FAIL: SPF-UN.TO
[2026-06-01 08:32:58]   Attempt 1/3 timed out for STP
[288/371] OK: SPXJ.L
[289/371] FAIL: SQP-UN.TO
[290/371] FAIL: SQP.TO
Progress: 290/371 done, 143 failures
[2026-06-01 08:38:03]   Attempt 2/3 timed out for STP
[2026-06-01 08:43:13]   Attempt 3/3 timed out for STP
[2026-06-01 08:43:13]   FAIL STP - skipping
[2026-06-01 08:43:13] [295/247] Backfilling STX...
[291/371] OK: SRV-UN.TO
[292/371] FAIL: SRV.UN.TO
[293/371] FAIL: STEC
[2026-06-01 08:48:14]   Attempt 1/3 timed out for STX
[294/371] OK: STP
[2026-06-01 08:53:19]   Attempt 2/3 timed out for STX
[2026-06-01 08:54:22]   OK STX done
[2026-06-01 08:54:22] [296/247] Backfilling SU.TO...
[2026-06-01 08:55:16]   OK SU.TO done
[2026-06-01 08:55:16] [297/247] Backfilling SWK...
[2026-06-01 08:56:09]   OK SWK done
[2026-06-01 08:56:09] [298/247] Backfilling SWY...
[2026-06-01 08:56:11]   OK SWY done
[2026-06-01 08:56:11] [299/247] Backfilling SYNA...
[2026-06-01 08:57:05]   OK SYNA done
[2026-06-01 08:57:05] [300/247] Backfilling T.TO...
[2026-06-01 08:57:58]   OK T.TO done
[2026-06-01 08:57:58] --- Progress: 241 OK, 59 FAIL, 1173.9 min elapsed ---
[2026-06-01 08:57:58] Running indicator recalculation...
[2026-06-01 08:58:00] Indicators recalculated successfully.
[2026-06-01 08:58:01] Remaining symbols after refresh: 222
[2026-06-01 08:58:01] [301/222] Backfilling TAC...
[2026-06-01 08:58:54]   OK TAC done
[2026-06-01 08:58:54] [302/222] Backfilling TAXI...
[2026-06-01 08:59:11]   OK TAXI done
[2026-06-01 08:59:11] [303/222] Backfilling TBL-UN.TO...
[2026-06-01 08:59:13]   OK TBL-UN.TO done
[2026-06-01 08:59:13] [304/222] Backfilling TBL.TO...
[295/371] OK: STX
[2026-06-01 09:04:13]   Attempt 1/3 timed out for TBL.TO
[296/371] OK: SU.TO
[2026-06-01 09:09:18]   Attempt 2/3 timed out for TBL.TO
[2026-06-01 09:14:28]   Attempt 3/3 timed out for TBL.TO
[2026-06-01 09:14:28]   FAIL TBL.TO - skipping
[2026-06-01 09:14:28] [305/222] Backfilling TBL.UN.TO...
[2026-06-01 09:14:30]   OK TBL.UN.TO done
[2026-06-01 09:14:30] [306/222] Backfilling TBT...
[297/371] OK: SWK
[298/371] FAIL: SWY
[2026-06-01 09:19:31]   Attempt 1/3 timed out for TBT
[2026-06-01 09:24:36]   Attempt 2/3 timed out for TBT
[299/371] OK: SYNA
[2026-06-01 09:29:46]   Attempt 3/3 timed out for TBT
[2026-06-01 09:29:46]   FAIL TBT - skipping
[2026-06-01 09:29:46] [307/222] Backfilling TD.TO...
[300/371] OK: T.TO
Progress: 300/371 done, 146 failures
[2026-06-01 09:34:46]   Attempt 1/3 timed out for TD.TO
[2026-06-01 09:39:51]   Attempt 2/3 timed out for TD.TO
[301/371] OK: TAC
[302/371] OK: TAXI
[303/371] FAIL: TBL-UN.TO
[2026-06-01 09:45:01]   Attempt 3/3 timed out for TD.TO
[2026-06-01 09:45:01]   FAIL TD.TO - skipping
[2026-06-01 09:45:01] [308/222] Backfilling TDT.BK...
[2026-06-01 09:45:03]   OK TDT.BK done
[2026-06-01 09:45:03] [309/222] Backfilling TEI...
[304/371] OK: TBL.TO
[305/371] FAIL: TBL.UN.TO
[2026-06-01 09:50:03]   Attempt 1/3 timed out for TEI
[2026-06-01 09:55:08]   Attempt 2/3 timed out for TEI
[306/371] OK: TBT
[2026-06-01 10:00:18]   Attempt 3/3 timed out for TEI
[2026-06-01 10:00:18]   FAIL TEI - skipping
[2026-06-01 10:00:18] [310/222] Backfilling TEO...
[307/371] OK: TD.TO
[308/371] FAIL: TDT.BK
[2026-06-01 10:05:18]   Attempt 1/3 timed out for TEO
[2026-06-01 10:10:00]   OK TEO done
[2026-06-01 10:10:00] [311/222] Backfilling TEVA...
[309/371] OK: TEI
[2026-06-01 10:15:00]   Attempt 1/3 timed out for TEVA
[2026-06-01 10:20:05]   Attempt 2/3 timed out for TEVA
[310/371] OK: TEO
Progress: 310/371 done, 149 failures
[311/371] FAIL: TEVA
[312/371] FAIL: TFI.TO
[2026-06-01 10:25:15]   Attempt 3/3 timed out for TEVA
[2026-06-01 10:25:15]   FAIL TEVA - skipping
[2026-06-01 10:25:15] [312/222] Backfilling TFI.TO...
[2026-06-01 10:25:17]   OK TFI.TO done
[2026-06-01 10:25:17] [313/222] Backfilling TGT...
[2026-06-01 10:26:10]   OK TGT done
[2026-06-01 10:26:10] [314/222] Backfilling TI...
[2026-06-01 10:26:12]   OK TI done
[2026-06-01 10:26:12] [315/222] Backfilling TICC...
[2026-06-01 10:26:14]   OK TICC done
[2026-06-01 10:26:14] [316/222] Backfilling TIH.TO...
[2026-06-01 10:31:14]   Attempt 1/3 timed out for TIH.TO
[313/371] OK: TGT
[314/371] FAIL: TI
[315/371] FAIL: TICC
[2026-06-01 10:36:19]   Attempt 2/3 timed out for TIH.TO
[2026-06-01 10:37:24]   OK TIH.TO done
[2026-06-01 10:37:24] [317/222] Backfilling TJX...
[2026-06-01 10:38:18]   OK TJX done
[2026-06-01 10:38:18] [318/222] Backfilling TLM.TO...
[2026-06-01 10:39:11]   OK TLM.TO done
[2026-06-01 10:39:11] [319/222] Backfilling TMA...
[2026-06-01 10:39:12]   OK TMA done
[2026-06-01 10:39:12] [320/222] Backfilling TOC.TO...
[2026-06-01 10:39:14]   OK TOC.TO done
[2026-06-01 10:39:14] [321/222] Backfilling TRA...
[2026-06-01 10:39:16]   OK TRA done
[2026-06-01 10:39:16] [322/222] Backfilling TRP.TO...
[2026-06-01 10:40:10]   OK TRP.TO done
[2026-06-01 10:40:10] [323/222] Backfilling UDN...
[2026-06-01 10:41:03]   OK UDN done
[2026-06-01 10:41:03] [324/222] Backfilling UG...
[2026-06-01 10:41:57]   OK UG done
[2026-06-01 10:41:57] [325/222] Backfilling UGI...
[2026-06-01 10:42:50]   OK UGI done
[2026-06-01 10:42:50] [326/222] Backfilling UNG...
[2026-06-01 10:43:44]   OK UNG done
[2026-06-01 10:43:44] [327/222] Backfilling UNH...
[316/371] OK: TIH.TO
[2026-06-01 10:48:44]   Attempt 1/3 timed out for UNH
[317/371] OK: TJX
[2026-06-01 10:53:49]   Attempt 2/3 timed out for UNH
[318/371] OK: TLM.TO
[319/371] FAIL: TMA
[320/371] FAIL: TOC.TO
Progress: 320/371 done, 155 failures
[2026-06-01 10:58:59]   Attempt 3/3 timed out for UNH
[2026-06-01 10:58:59]   FAIL UNH - skipping
[2026-06-01 10:58:59] [328/222] Backfilling UNP...
[321/371] FAIL: TRA
[2026-06-01 11:03:59]   Attempt 1/3 timed out for UNP
[322/371] OK: TRP.TO
[2026-06-01 11:09:04]   Attempt 2/3 timed out for UNP
[323/371] OK: UDN
[2026-06-01 11:14:14]   Attempt 3/3 timed out for UNP
[2026-06-01 11:14:14]   FAIL UNP - skipping
[2026-06-01 11:14:14] [329/222] Backfilling UPL...
[2026-06-01 11:14:17]   OK UPL done
[2026-06-01 11:14:17] [330/222] Backfilling UTX...
[2026-06-01 11:14:19]   OK UTX done
[2026-06-01 11:14:19] [331/222] Backfilling UUP...
[2026-06-01 11:19:19]   Attempt 1/3 timed out for UUP
[324/371] OK: UG
[2026-06-01 11:24:24]   Attempt 2/3 timed out for UUP
[2026-06-01 11:29:34]   Attempt 3/3 timed out for UUP
[2026-06-01 11:29:34]   FAIL UUP - skipping
[2026-06-01 11:29:34] [332/222] Backfilling VAR...
[2026-06-01 11:29:36]   OK VAR done
[2026-06-01 11:29:36] [333/222] Backfilling VIVO...
[325/371] OK: UGI
[2026-06-01 11:33:30]   OK VIVO done
[2026-06-01 11:33:30] [334/222] Backfilling VMW...
[2026-06-01 11:33:32]   OK VMW done
[2026-06-01 11:33:32] [335/222] Backfilling WDC...
[326/371] OK: UNG
[2026-06-01 11:38:32]   Attempt 1/3 timed out for WDC
[2026-06-01 11:43:37]   Attempt 2/3 timed out for WDC
[327/371] OK: UNH
[2026-06-01 11:48:47]   Attempt 3/3 timed out for WDC
[2026-06-01 11:48:47]   FAIL WDC - skipping
[2026-06-01 11:48:47] [336/222] Backfilling WDX...
[328/371] OK: UNP
[2026-06-01 11:53:40]   OK WDX done
[2026-06-01 11:53:40] [337/222] Backfilling WFC...
[329/371] FAIL: UPL
[330/371] FAIL: UTX
Progress: 330/371 done, 158 failures
[2026-06-01 11:58:40]   Attempt 1/3 timed out for WFC
[331/371] OK: UUP
[332/371] FAIL: VAR
[333/371] OK: VIVO
[334/371] FAIL: VMW
[2026-06-01 12:03:45]   Attempt 2/3 timed out for WFC
[2026-06-01 12:08:55]   Attempt 3/3 timed out for WFC
[2026-06-01 12:08:55]   FAIL WFC - skipping
[2026-06-01 12:08:55] [338/222] Backfilling WFT...
[2026-06-01 12:08:57]   OK WFT done
[2026-06-01 12:08:57] [339/222] Backfilling WJX-UN.TO...
[2026-06-01 12:08:59]   OK WJX-UN.TO done
[2026-06-01 12:08:59] [340/222] Backfilling WJX.TO...
[335/371] OK: WDC
[336/371] OK: WDX
[2026-06-01 12:14:00]   Attempt 1/3 timed out for WJX.TO
[337/371] OK: WFC
[338/371] FAIL: WFT
[2026-06-01 12:19:05]   Attempt 2/3 timed out for WJX.TO
[339/371] FAIL: WJX-UN.TO
[340/371] FAIL: WJX.TO
Progress: 340/371 done, 163 failures
[2026-06-01 12:24:15]   Attempt 3/3 timed out for WJX.TO
[2026-06-01 12:24:15]   FAIL WJX.TO - skipping
[2026-06-01 12:24:15] [341/222] Backfilling WMT...
[2026-06-01 12:25:09]   OK WMT done
[2026-06-01 12:25:09] [342/222] Backfilling WRLS...
[2026-06-01 12:25:12]   OK WRLS done
[2026-06-01 12:25:12] [343/222] Backfilling WYE...
[2026-06-01 12:25:14]   OK WYE done
[2026-06-01 12:25:14] [344/222] Backfilling XBB.TO...
[2026-06-01 12:30:14]   Attempt 1/3 timed out for XBB.TO
[341/371] OK: WMT
[342/371] FAIL: WRLS
[343/371] FAIL: WYE
[344/371] FAIL: XBB.TO
[2026-06-01 12:35:19]   Attempt 2/3 timed out for XBB.TO
[2026-06-01 12:36:24]   OK XBB.TO done
[2026-06-01 12:36:24] [345/222] Backfilling XEG.TO...
[2026-06-01 12:37:18]   OK XEG.TO done
[2026-06-01 12:37:18] [346/222] Backfilling XIC.TO...
[2026-06-01 12:42:18]   Attempt 1/3 timed out for XIC.TO
[345/371] OK: XEG.TO
[346/371] FAIL: XIC.TO
[2026-06-01 12:47:23]   Attempt 2/3 timed out for XIC.TO
[2026-06-01 12:48:49]   OK XIC.TO done
[2026-06-01 12:48:49] [347/222] Backfilling XIU.TO...
[2026-06-01 12:49:43]   OK XIU.TO done
[2026-06-01 12:49:43] [348/222] Backfilling XLB...
[347/371] OK: XIU.TO
[2026-06-01 12:54:43]   Attempt 1/3 timed out for XLB
[2026-06-01 12:55:42]   OK XLB done
[2026-06-01 12:55:42] [349/222] Backfilling XLE...
[2026-06-01 12:56:36]   OK XLE done
[2026-06-01 12:56:36] [350/222] Backfilling XOM...
[2026-06-01 12:57:29]   OK XOM done
[2026-06-01 12:57:29] --- Progress: 280 OK, 70 FAIL, 1413.4 min elapsed ---
[2026-06-01 12:57:29] Running indicator recalculation...
[2026-06-01 12:57:31] Indicators recalculated successfully.
[2026-06-01 12:57:32] Remaining symbols after refresh: 191
[2026-06-01 12:57:32] [351/191] Backfilling XON...
[2026-06-01 12:57:34]   OK XON done
[2026-06-01 12:57:34] [352/191] Backfilling XRE.TO...
[2026-06-01 12:58:28]   OK XRE.TO done
[2026-06-01 12:58:28] [353/191] Backfilling XSP.TO...
[2026-06-01 12:59:21]   OK XSP.TO done
[2026-06-01 12:59:21] [354/191] Backfilling XTO...
[2026-06-01 12:59:24]   OK XTO done
[2026-06-01 12:59:24] [355/191] Backfilling XTR.TO...
[2026-06-01 13:00:17]   OK XTR.TO done
[2026-06-01 13:00:17] [356/191] Backfilling YGE...
[2026-06-01 13:00:19]   OK YGE done
[2026-06-01 13:00:19] [357/191] Backfilling YLO-UN.TO...
[2026-06-01 13:00:21]   OK YLO-UN.TO done
[2026-06-01 13:00:21] [358/191] Backfilling YLO.TO...
[2026-06-01 13:01:14]   OK YLO.TO done
[2026-06-01 13:01:14] [359/191] Backfilling YLO.UN.TO...
[2026-06-01 13:01:16]   OK YLO.UN.TO done
[2026-06-01 13:01:16] [360/191] Backfilling YZC...
[2026-06-01 13:01:18]   OK YZC done
[2026-06-01 13:01:18] [361/191] Backfilling ZACCLAI.TO...
[2026-06-01 13:01:20]   OK ZACCLAI.TO done
[2026-06-01 13:01:20] [362/191] Backfilling ZCMDF.TO...
[2026-06-01 13:01:22]   OK ZCMDF.TO done
[2026-06-01 13:01:22] [363/191] Backfilling ZCSTGF.TO...
[2026-06-01 13:01:25]   OK ZCSTGF.TO done
[2026-06-01 13:01:25] [364/191] Backfilling ZGCF.TO...
[2026-06-01 13:01:27]   OK ZGCF.TO done
[2026-06-01 13:01:27] [365/191] Backfilling ZRCGF.TO...
[2026-06-01 13:01:29]   OK ZRCGF.TO done
[2026-06-01 13:01:29] [366/191] Backfilling ZRCSCGF.TO...
[2026-06-01 13:01:32]   OK ZRCSCGF.TO done
[2026-06-01 13:01:32] [367/191] Backfilling ZRIGF.TO...
[2026-06-01 13:01:34]   OK ZRIGF.TO done
[2026-06-01 13:01:34] [368/191] Backfilling ZRUSRSP.TO...
[2026-06-01 13:01:36]   OK ZRUSRSP.TO done
[2026-06-01 13:01:36] [369/191] Backfilling ZSMMF.TO...
[2026-06-01 13:01:39]   OK ZSMMF.TO done
[2026-06-01 13:01:39] [370/191] Backfilling ZZZ.TO...
[2026-06-01 13:01:41]   OK ZZZ.TO done
[2026-06-01 13:01:41] [371/191] Backfilling ^VIX...
[348/371] OK: XLB
[2026-06-01 13:06:41]   Attempt 1/3 timed out for ^VIX
[349/371] OK: XLE
[2026-06-01 13:11:46]   Attempt 2/3 timed out for ^VIX
[2026-06-01 13:16:56]   Attempt 3/3 timed out for ^VIX
[2026-06-01 13:16:56]   FAIL ^VIX - skipping
[2026-06-01 13:16:56] Running indicator recalculation...
[2026-06-01 13:16:58] Indicators recalculated successfully.
[2026-06-01 13:16:58] ============================================================
[2026-06-01 13:16:58] BACKFILL COMPLETE
[2026-06-01 13:16:58]   Processed: 371
[2026-06-01 13:16:58]    Success:   300
[2026-06-01 13:16:58]    Failed:    71
[2026-06-01 13:16:58]    Time:      1432.9 minutes
[2026-06-01 13:16:58]    Failed symbols: BR.TO, CF, CHY, CINF, CKI.TO, CL, CLS.TO, CLX, CNQ.TO, COF, CSCO, DIS, EIT-UN.TO, EMP-A.TO, EMR, ENB.TO, EOG, ESI.TO, EWX, F, FNV.TO, FXY, HD, HL, HOU.TO, HR-UN.TO, HTLD, IAG.TO, INSM, INTC, IPT.V, IWM, IXC, IYF, L.TO, LEO, LLY, LNC, LOW, MCD, MFA, MUR, MX.TO, NA.TO, NG, PAAS, PAR, PBI, PBR, PDS, PZA.TO, RIG, RY.TO, SLV, SOR, SPB.TO, SPXJ.L, SRV-UN.TO, STP, TBL.TO, TBT, TD.TO, TEI, TEVA, UNH, UNP, UUP, WDC, WFC, WJX.TO, ^VIX
[2026-06-01 13:16:58] ============================================================
[350/371] OK: XOM
Progress: 350/371 done, 167 failures
[351/371] FAIL: XON
[352/371] OK: XRE.TO
[353/371] OK: XSP.TO
[354/371] FAIL: XTO
[355/371] OK: XTR.TO
[356/371] FAIL: YGE
[357/371] FAIL: YLO-UN.TO
[358/371] OK: YLO.TO
[359/371] OK: YLO.UN.TO
[360/371] OK: YZC
Progress: 360/371 done, 171 failures
[361/371] OK: ZACCLAI.TO
[362/371] OK: ZCMDF.TO
[363/371] OK: ZCSTGF.TO
[364/371] OK: ZGCF.TO
[365/371] OK: ZRCGF.TO
[366/371] OK: ZRCSCGF.TO
[367/371] OK: ZRIGF.TO
[368/371] OK: ZRUSRSP.TO
[369/371] OK: ZSMMF.TO
[370/371] OK: ZZZ.TO
Progress: 370/371 done, 171 failures
[371/371] OK: ^VIX

===== Indicators: Mon 01 Jun 2026 01:59:55 PM MDT ====
Traceback (most recent call last):
  File "/home/ksf_stockmarket/ksf_stockmarket/python/daily_pipeline.py", line 829, in <module>
    calc.calculate_all_missing(verbose=args.verbose)
  File "/home/ksf_stockmarket/ksf_stockmarket/python/daily_pipeline.py", line 771, in calculate_all_missing
    symbols = self.get_symbols_needing_indicators()
  File "/home/ksf_stockmarket/ksf_stockmarket/python/daily_pipeline.py", line 452, in get_symbols_needing_indicators
    rows = conn.fetchall("""
  File "/home/ksf_stockmarket/ksf_stockmarket/python/db/mysql_adapter.py", line 55, in fetchall
    cur.execute(sql, params or ())
  File "/usr/local/lib/python3.10/site-packages/pymysql/cursors.py", line 159, in execute
    result = self._query(query)
  File "/usr/local/lib/python3.10/site-packages/pymysql/cursors.py", line 330, in _query
    conn.query(q)
  File "/usr/local/lib/python3.10/site-packages/pymysql/connections.py", line 582, in query
    self._affected_rows = self._read_query_result(unbuffered=unbuffered)
  File "/usr/local/lib/python3.10/site-packages/pymysql/connections.py", line 847, in _read_query_result
    result.read()
  File "/usr/local/lib/python3.10/site-packages/pymysql/connections.py", line 1245, in read
    first_packet = self.connection._read_packet()
  File "/usr/local/lib/python3.10/site-packages/pymysql/connections.py", line 803, in _read_packet
    packet.raise_for_error()
  File "/usr/local/lib/python3.10/site-packages/pymysql/protocol.py", line 219, in raise_for_error
    err.raise_mysql_exception(self._data)
  File "/usr/local/lib/python3.10/site-packages/pymysql/err.py", line 154, in raise_mysql_exception
    raise errorclass(errno, errval, sqlstate=sqlstate)
pymysql.err.ProgrammingError: (1064, "You have an error in your SQL syntax; check the manual that corresponds to your MariaDB server version for the right syntax to use near ' '-' || CAST(30 AS TEXT) || ' days')\n                AND ij.id IS NULL\n      ...' at line 5")

===== DONE: Mon 01 Jun 2026 01:59:57 PM MDT =====
