[2026-07-12T00:50:31.774719] Started batch cleanup. pid=4080884 total=789 batch=2 sleep=1s
[2026-07-12T00:50:31.776736] [1/789] AAVMY
[2026-07-12T00:50:34.993389]   skip status=no_name
[2026-07-12T00:50:34.993853] [2/789] ABD
[2026-07-12T00:50:38.383269]   skip status=skip_resolve
[2026-07-12T00:50:38.384704]   sleeping 1s to avoid rate-limit ...
[2026-07-12T00:50:39.386151] [3/789] ACAZF
[2026-07-12T00:50:42.473254]   skip status=no_name
[2026-07-12T00:50:42.473514] [4/789] ACGBY
[2026-07-12T00:50:45.098165]   skip status=no_name
[2026-07-12T00:50:45.098442]   sleeping 1s to avoid rate-limit ...
[2026-07-12T00:50:46.099684] [5/789] ACOPF
[2026-07-12T00:50:48.717729]   skip status=no_name
[2026-07-12T00:50:48.718492] [6/789] ACOPY
[2026-07-12T00:50:51.348449]   skip status=no_name
[2026-07-12T00:50:51.349025]   sleeping 1s to avoid rate-limit ...
[2026-07-12T00:50:52.350333] [7/789] ADOOY
[2026-07-12T00:50:55.366101]   skip status=no_name
[2026-07-12T00:50:55.366816] [8/789] ADWPF
[2026-07-12T00:50:58.013845]   skip status=no_name
[2026-07-12T00:50:58.014446]   sleeping 1s to avoid rate-limit ...
[2026-07-12T00:50:59.015895] [9/789] ADYEY
[2026-07-12T00:51:01.650225]   skip status=no_name
[2026-07-12T00:51:01.650845] [10/789] AER.TO
[2026-07-12T00:51:01.651080]   skip status=skip_resolve
[2026-07-12T00:51:01.651394]   sleeping 1s to avoid rate-limit ...
[2026-07-12T00:51:02.652733] [11/789] AERA
[2026-07-12T00:51:05.295543]   skip status=no_name
[2026-07-12T00:51:05.295792] [12/789] AFBOF
[2026-07-12T00:51:07.858708]   skip status=no_name
[2026-07-12T00:51:07.859284]   sleeping 1s to avoid rate-limit ...
[2026-07-12T00:51:08.860663] [13/789] AFMJF
[2026-07-12T00:51:11.498954]   skip status=no_name
[2026-07-12T00:51:11.499532] [14/789] AGD.TO
[2026-07-12T00:51:11.499790]   skip status=skip_resolve
[2026-07-12T00:51:11.500109]   sleeping 1s to avoid rate-limit ...
[2026-07-12T00:51:12.501411] [15/789] AGGID
[2026-07-12T00:51:15.134656]   skip status=no_name
[2026-07-12T00:51:15.135263] [16/789] AGXKF
[2026-07-12T00:51:18.027135]   skip status=no_name
[2026-07-12T00:51:18.027770]   sleeping 1s to avoid rate-limit ...
[2026-07-12T00:51:19.029185] [17/789] AHCHY
[2026-07-12T00:51:21.724241]   skip status=no_name
[2026-07-12T00:51:21.724876] [18/789] AHEXF
[2026-07-12T00:51:24.371910]   skip status=no_name
[2026-07-12T00:51:24.372496]   sleeping 1s to avoid rate-limit ...
[2026-07-12T00:51:25.373866] [19/789] AIVAF
[2026-07-12T00:51:27.966648]   skip status=no_name
[2026-07-12T00:51:27.967239] [20/789] AJMPF
[2026-07-12T00:51:30.638955]   skip status=no_name
[2026-07-12T00:51:30.639549]   sleeping 1s to avoid rate-limit ...
[2026-07-12T00:51:31.640952] [21/789] AKAAF
[2026-07-12T00:51:34.314171]   skip status=no_name
[2026-07-12T00:51:34.314822] [22/789] AKBTY
[2026-07-12T00:51:36.907392]   skip status=no_name
[2026-07-12T00:51:36.907976]   sleeping 1s to avoid rate-limit ...
[2026-07-12T00:51:37.909283] [23/789] AKRBF
[2026-07-12T00:51:40.782013]   skip status=no_name
[2026-07-12T00:51:40.782628] [24/789] AKRBY
[2026-07-12T00:51:43.483771]   skip status=no_name
[2026-07-12T00:51:43.484359]   sleeping 1s to avoid rate-limit ...
[2026-07-12T00:51:44.485721] [25/789] AKRTF
[2026-07-12T00:51:47.183735]   skip status=no_name
[2026-07-12T00:51:47.184330] [26/789] ALBKY
[2026-07-12T00:51:49.972053]   skip status=no_name
[2026-07-12T00:51:49.972455]   sleeping 1s to avoid rate-limit ...
[2026-07-12T00:51:50.973682] [27/789] ALIZF
[2026-07-12T00:51:53.539134]   skip status=no_name
[2026-07-12T00:51:53.539852] [28/789] ALIZY
[2026-07-12T00:51:56.239796]   skip status=no_name
[2026-07-12T00:51:56.240433]   sleeping 1s to avoid rate-limit ...
[2026-07-12T00:51:57.241881] [29/789] ALVOF
[2026-07-12T00:51:59.826250]   skip status=no_name
[2026-07-12T00:51:59.826895] [30/789] AMBK
[2026-07-12T00:52:02.678700]   skip status=no_name
[2026-07-12T00:52:02.679295]   sleeping 1s to avoid rate-limit ...
[2026-07-12T00:52:03.680700] [31/789] AMKAF
[2026-07-12T00:52:06.317180]   skip status=no_name
[2026-07-12T00:52:06.317836] [32/789] AMMX
[2026-07-12T00:52:08.946970]   skip status=no_name
[2026-07-12T00:52:08.947653]   sleeping 1s to avoid rate-limit ...
[2026-07-12T00:52:09.948750] [33/789] ANNSF
[2026-07-12T00:52:12.572593]   skip status=no_name
[2026-07-12T00:52:12.573150] [34/789] ANPDF
[2026-07-12T00:52:15.424505]   skip status=no_name
[2026-07-12T00:52:15.425095]   sleeping 1s to avoid rate-limit ...
[2026-07-12T00:52:16.426453] [35/789] ANPDY
[2026-07-12T00:52:19.194047]   skip status=no_name
[2026-07-12T00:52:19.194593] [36/789] AOTUF
[2026-07-12T00:52:21.847076]   skip status=no_name
[2026-07-12T00:52:21.847414]   sleeping 1s to avoid rate-limit ...
[2026-07-12T00:52:22.848702] [37/789] APF-UN.TO
[2026-07-12T00:52:22.849346]   skip status=skip_resolve
[2026-07-12T00:52:22.850115] [38/789] APPCF
[2026-07-12T00:52:25.566950]   skip status=no_name
[2026-07-12T00:52:25.567523]   sleeping 1s to avoid rate-limit ...
[2026-07-12T00:52:26.568724] [39/789] AREN
[2026-07-12T00:52:29.243736]   skip status=no_name
[2026-07-12T00:52:29.244311] [40/789] ARLUF
